air.are
anthill.are
anvil.are
astral.are
bazaar.are
canyon.are
catacombs.are
chapel.are
chapelgods.are
cloudymt.are
crystalmir.are
damara.are
daycare.are
donjon.are
draconia.are
dwarfmines.are
dwarven.are
eastern.are
elderwood.are
export.are
fantasia.are
forestpath.are
galaxy.are
gallery.are
gate.are
gauntlet.are
gilligan.are
goblins.are
gods.are
grave.are
grove.are
gtown.are
gwyn.are
gyard.are
haon.are
haven.are
highcliff.are
hollywd.are
immtrain.are
jher.are
juargan.are
keepvalor.are
land.are
lilith.are
magicschool.are
mahntor.are
manor.are
marsh.are
midennir.are
mirkwood.are
mobfact.are
moria.are
mtdoom.are
newacad.are
newdark.are
olympus.are
one.are
orchold.are
pblood.are
pground.are
pit.are
plains.are
prehist.are
pyramid.are
rainfrst.are
rats.are
redferne.are
rift.are
rshouse.are
rtower.are
school2.are
seatears.are
sesame.are
seven.are
sewer.are
shaolin.are
shire.are
srefuge.are
thalos.are
tree.are
trollden.are
troy.are
under.are
unholy.are
valley.are
void.are
warkeep.are
warner.are
waymoot.are
weater.are
weed.are
weirdan.are
wyvern.are
limbo.are
pixie.are
Build.are
$
